// Jest Snapshot v1, https://goo.gl/fbAQLP

exports[`ActionGrid component Renders without crashing... 1`] = `
ShallowWrapper {
  Symbol(enzyme.__root__): [Circular],
  Symbol(enzyme.__unrendered__): <ModalAlert
    modalKey="TUTORIAL"
    onClose={[Function]}
    show={true}
/>,
  Symbol(enzyme.__renderer__): Object {
    "batchedUpdates": [Function],
    "checkPropTypes": [Function],
    "getNode": [Function],
    "render": [Function],
    "simulateError": [Function],
    "simulateEvent": [Function],
    "unmount": [Function],
  },
  Symbol(enzyme.__node__): Object {
    "instance": null,
    "key": undefined,
    "nodeType": "class",
    "props": Object {
      "animation": true,
      "autoFocus": true,
      "backdrop": true,
      "bsClass": "modal",
      "children": <ModalBody
        bsClass="modal-body"
        componentClass="div"
>
        <div
                className="modal-alert-wrapper "
        >
                <h2>
                        How to Play CircleMatrix:
                </h2>
                <div
                        className="tutorial"
                >
                        <div>
                                <p
                                        className="lead"
                                >
                                        Available circles:
                                </p>
                                <Circle
                                        fill={
                                                Object {
                                                        "color": "#ddd",
                                                      }
                                        }
                                        r={50}
                                        stroke={
                                                Object {
                                                        "color": "transparent",
                                                      }
                                        }
                                        strokeWidth={3}
                                />
                                <p
                                        className="text-muted"
                                >
                                        Click to turn them into
                                </p>
                        </div>
                        <div>
                                <p
                                        className="lead"
                                >
                                        Activated Circles:
                                </p>
                                <Circle
                                        fill={
                                                Object {
                                                        "color": "#214699",
                                                      }
                                        }
                                        r={50}
                                        stroke={
                                                Object {
                                                        "color": "transparent",
                                                      }
                                        }
                                        strokeWidth={3}
                                />
                                <p
                                        className="text-muted"
                                >
                                        these but only if they're
                                </p>
                        </div>
                        <div>
                                <p
                                        className="lead"
                                >
                                        Occupied circles:
                                </p>
                                <Circle
                                        fill={
                                                Object {
                                                        "color": "#7ab3e2",
                                                      }
                                        }
                                        r={50}
                                        stroke={
                                                Object {
                                                        "color": "transparent",
                                                      }
                                        }
                                        strokeWidth={3}
                                />
                                <p
                                        className="text-muted"
                                >
                                        not one of these
                                </p>
                        </div>
                </div>
        </div>
</ModalBody>,
      "dialogComponentClass": [Function],
      "enforceFocus": true,
      "keyboard": true,
      "manager": ModalManager {
        "add": [Function],
        "containers": Array [],
        "data": Array [],
        "handleContainerOverflow": true,
        "hideSiblingNodes": true,
        "isTopModal": [Function],
        "modals": Array [],
        "remove": [Function],
      },
      "onHide": [Function],
      "renderBackdrop": [Function],
      "restoreFocus": true,
      "show": true,
    },
    "ref": null,
    "rendered": Object {
      "instance": null,
      "key": undefined,
      "nodeType": "class",
      "props": Object {
        "bsClass": "modal-body",
        "children": Array [
          <div
            className="modal-alert-wrapper "
>
            <h2>
                        How to Play CircleMatrix:
            </h2>
            <div
                        className="tutorial"
            >
                        <div>
                                    <p
                                                className="lead"
                                    >
                                                Available circles:
                                    </p>
                                    <Circle
                                                fill={
                                                            Object {
                                                                        "color": "#ddd",
                                                                      }
                                                }
                                                r={50}
                                                stroke={
                                                            Object {
                                                                        "color": "transparent",
                                                                      }
                                                }
                                                strokeWidth={3}
                                    />
                                    <p
                                                className="text-muted"
                                    >
                                                Click to turn them into
                                    </p>
                        </div>
                        <div>
                                    <p
                                                className="lead"
                                    >
                                                Activated Circles:
                                    </p>
                                    <Circle
                                                fill={
                                                            Object {
                                                                        "color": "#214699",
                                                                      }
                                                }
                                                r={50}
                                                stroke={
                                                            Object {
                                                                        "color": "transparent",
                                                                      }
                                                }
                                                strokeWidth={3}
                                    />
                                    <p
                                                className="text-muted"
                                    >
                                                these but only if they're
                                    </p>
                        </div>
                        <div>
                                    <p
                                                className="lead"
                                    >
                                                Occupied circles:
                                    </p>
                                    <Circle
                                                fill={
                                                            Object {
                                                                        "color": "#7ab3e2",
                                                                      }
                                                }
                                                r={50}
                                                stroke={
                                                            Object {
                                                                        "color": "transparent",
                                                                      }
                                                }
                                                strokeWidth={3}
                                    />
                                    <p
                                                className="text-muted"
                                    >
                                                not one of these
                                    </p>
                        </div>
            </div>
</div>,
          false,
          false,
        ],
        "componentClass": "div",
      },
      "ref": null,
      "rendered": Array [
        Object {
          "instance": null,
          "key": undefined,
          "nodeType": "host",
          "props": Object {
            "children": Array [
              <h2>
                How to Play CircleMatrix:
</h2>,
              <div
                className="tutorial"
>
                <div>
                                <p
                                                className="lead"
                                >
                                                Available circles:
                                </p>
                                <Circle
                                                fill={
                                                                Object {
                                                                                "color": "#ddd",
                                                                              }
                                                }
                                                r={50}
                                                stroke={
                                                                Object {
                                                                                "color": "transparent",
                                                                              }
                                                }
                                                strokeWidth={3}
                                />
                                <p
                                                className="text-muted"
                                >
                                                Click to turn them into
                                </p>
                </div>
                <div>
                                <p
                                                className="lead"
                                >
                                                Activated Circles:
                                </p>
                                <Circle
                                                fill={
                                                                Object {
                                                                                "color": "#214699",
                                                                              }
                                                }
                                                r={50}
                                                stroke={
                                                                Object {
                                                                                "color": "transparent",
                                                                              }
                                                }
                                                strokeWidth={3}
                                />
                                <p
                                                className="text-muted"
                                >
                                                these but only if they're
                                </p>
                </div>
                <div>
                                <p
                                                className="lead"
                                >
                                                Occupied circles:
                                </p>
                                <Circle
                                                fill={
                                                                Object {
                                                                                "color": "#7ab3e2",
                                                                              }
                                                }
                                                r={50}
                                                stroke={
                                                                Object {
                                                                                "color": "transparent",
                                                                              }
                                                }
                                                strokeWidth={3}
                                />
                                <p
                                                className="text-muted"
                                >
                                                not one of these
                                </p>
                </div>
</div>,
            ],
            "className": "modal-alert-wrapper ",
          },
          "ref": null,
          "rendered": Array [
            Object {
              "instance": null,
              "key": undefined,
              "nodeType": "host",
              "props": Object {
                "children": "How to Play CircleMatrix:",
              },
              "ref": null,
              "rendered": "How to Play CircleMatrix:",
              "type": "h2",
            },
            Object {
              "instance": null,
              "key": undefined,
              "nodeType": "host",
              "props": Object {
                "children": Array [
                  <div>
                    <p
                                        className="lead"
                    >
                                        Available circles:
                    </p>
                    <Circle
                                        fill={
                                                            Object {
                                                                                "color": "#ddd",
                                                                              }
                                        }
                                        r={50}
                                        stroke={
                                                            Object {
                                                                                "color": "transparent",
                                                                              }
                                        }
                                        strokeWidth={3}
                    />
                    <p
                                        className="text-muted"
                    >
                                        Click to turn them into
                    </p>
</div>,
                  <div>
                    <p
                                        className="lead"
                    >
                                        Activated Circles:
                    </p>
                    <Circle
                                        fill={
                                                            Object {
                                                                                "color": "#214699",
                                                                              }
                                        }
                                        r={50}
                                        stroke={
                                                            Object {
                                                                                "color": "transparent",
                                                                              }
                                        }
                                        strokeWidth={3}
                    />
                    <p
                                        className="text-muted"
                    >
                                        these but only if they're
                    </p>
</div>,
                  <div>
                    <p
                                        className="lead"
                    >
                                        Occupied circles:
                    </p>
                    <Circle
                                        fill={
                                                            Object {
                                                                                "color": "#7ab3e2",
                                                                              }
                                        }
                                        r={50}
                                        stroke={
                                                            Object {
                                                                                "color": "transparent",
                                                                              }
                                        }
                                        strokeWidth={3}
                    />
                    <p
                                        className="text-muted"
                    >
                                        not one of these
                    </p>
</div>,
                ],
                "className": "tutorial",
              },
              "ref": null,
              "rendered": Array [
                Object {
                  "instance": null,
                  "key": undefined,
                  "nodeType": "host",
                  "props": Object {
                    "children": Array [
                      <p
                        className="lead"
>
                        Available circles:
</p>,
                      <Circle
                        fill={
                                                Object {
                                                                        "color": "#ddd",
                                                                      }
                        }
                        r={50}
                        stroke={
                                                Object {
                                                                        "color": "transparent",
                                                                      }
                        }
                        strokeWidth={3}
/>,
                      <p
                        className="text-muted"
>
                        Click to turn them into
</p>,
                    ],
                  },
                  "ref": null,
                  "rendered": Array [
                    Object {
                      "instance": null,
                      "key": undefined,
                      "nodeType": "host",
                      "props": Object {
                        "children": "Available circles:",
                        "className": "lead",
                      },
                      "ref": null,
                      "rendered": "Available circles:",
                      "type": "p",
                    },
                    Object {
                      "instance": null,
                      "key": undefined,
                      "nodeType": "class",
                      "props": Object {
                        "fill": Object {
                          "color": "#ddd",
                        },
                        "r": 50,
                        "stroke": Object {
                          "color": "transparent",
                        },
                        "strokeWidth": 3,
                      },
                      "ref": null,
                      "rendered": null,
                      "type": [Function],
                    },
                    Object {
                      "instance": null,
                      "key": undefined,
                      "nodeType": "host",
                      "props": Object {
                        "children": "Click to turn them into",
                        "className": "text-muted",
                      },
                      "ref": null,
                      "rendered": "Click to turn them into",
                      "type": "p",
                    },
                  ],
                  "type": "div",
                },
                Object {
                  "instance": null,
                  "key": undefined,
                  "nodeType": "host",
                  "props": Object {
                    "children": Array [
                      <p
                        className="lead"
>
                        Activated Circles:
</p>,
                      <Circle
                        fill={
                                                Object {
                                                                        "color": "#214699",
                                                                      }
                        }
                        r={50}
                        stroke={
                                                Object {
                                                                        "color": "transparent",
                                                                      }
                        }
                        strokeWidth={3}
/>,
                      <p
                        className="text-muted"
>
                        these but only if they're
</p>,
                    ],
                  },
                  "ref": null,
                  "rendered": Array [
                    Object {
                      "instance": null,
                      "key": undefined,
                      "nodeType": "host",
                      "props": Object {
                        "children": "Activated Circles:",
                        "className": "lead",
                      },
                      "ref": null,
                      "rendered": "Activated Circles:",
                      "type": "p",
                    },
                    Object {
                      "instance": null,
                      "key": undefined,
                      "nodeType": "class",
                      "props": Object {
                        "fill": Object {
                          "color": "#214699",
                        },
                        "r": 50,
                        "stroke": Object {
                          "color": "transparent",
                        },
                        "strokeWidth": 3,
                      },
                      "ref": null,
                      "rendered": null,
                      "type": [Function],
                    },
                    Object {
                      "instance": null,
                      "key": undefined,
                      "nodeType": "host",
                      "props": Object {
                        "children": "these but only if they're",
                        "className": "text-muted",
                      },
                      "ref": null,
                      "rendered": "these but only if they're",
                      "type": "p",
                    },
                  ],
                  "type": "div",
                },
                Object {
                  "instance": null,
                  "key": undefined,
                  "nodeType": "host",
                  "props": Object {
                    "children": Array [
                      <p
                        className="lead"
>
                        Occupied circles:
</p>,
                      <Circle
                        fill={
                                                Object {
                                                                        "color": "#7ab3e2",
                                                                      }
                        }
                        r={50}
                        stroke={
                                                Object {
                                                                        "color": "transparent",
                                                                      }
                        }
                        strokeWidth={3}
/>,
                      <p
                        className="text-muted"
>
                        not one of these
</p>,
                    ],
                  },
                  "ref": null,
                  "rendered": Array [
                    Object {
                      "instance": null,
                      "key": undefined,
                      "nodeType": "host",
                      "props": Object {
                        "children": "Occupied circles:",
                        "className": "lead",
                      },
                      "ref": null,
                      "rendered": "Occupied circles:",
                      "type": "p",
                    },
                    Object {
                      "instance": null,
                      "key": undefined,
                      "nodeType": "class",
                      "props": Object {
                        "fill": Object {
                          "color": "#7ab3e2",
                        },
                        "r": 50,
                        "stroke": Object {
                          "color": "transparent",
                        },
                        "strokeWidth": 3,
                      },
                      "ref": null,
                      "rendered": null,
                      "type": [Function],
                    },
                    Object {
                      "instance": null,
                      "key": undefined,
                      "nodeType": "host",
                      "props": Object {
                        "children": "not one of these",
                        "className": "text-muted",
                      },
                      "ref": null,
                      "rendered": "not one of these",
                      "type": "p",
                    },
                  ],
                  "type": "div",
                },
              ],
              "type": "div",
            },
          ],
          "type": "div",
        },
        false,
        false,
      ],
      "type": [Function],
    },
    "type": [Function],
  },
  Symbol(enzyme.__nodes__): Array [
    Object {
      "instance": null,
      "key": undefined,
      "nodeType": "class",
      "props": Object {
        "animation": true,
        "autoFocus": true,
        "backdrop": true,
        "bsClass": "modal",
        "children": <ModalBody
          bsClass="modal-body"
          componentClass="div"
>
          <div
                    className="modal-alert-wrapper "
          >
                    <h2>
                              How to Play CircleMatrix:
                    </h2>
                    <div
                              className="tutorial"
                    >
                              <div>
                                        <p
                                                  className="lead"
                                        >
                                                  Available circles:
                                        </p>
                                        <Circle
                                                  fill={
                                                            Object {
                                                                      "color": "#ddd",
                                                                    }
                                                  }
                                                  r={50}
                                                  stroke={
                                                            Object {
                                                                      "color": "transparent",
                                                                    }
                                                  }
                                                  strokeWidth={3}
                                        />
                                        <p
                                                  className="text-muted"
                                        >
                                                  Click to turn them into
                                        </p>
                              </div>
                              <div>
                                        <p
                                                  className="lead"
                                        >
                                                  Activated Circles:
                                        </p>
                                        <Circle
                                                  fill={
                                                            Object {
                                                                      "color": "#214699",
                                                                    }
                                                  }
                                                  r={50}
                                                  stroke={
                                                            Object {
                                                                      "color": "transparent",
                                                                    }
                                                  }
                                                  strokeWidth={3}
                                        />
                                        <p
                                                  className="text-muted"
                                        >
                                                  these but only if they're
                                        </p>
                              </div>
                              <div>
                                        <p
                                                  className="lead"
                                        >
                                                  Occupied circles:
                                        </p>
                                        <Circle
                                                  fill={
                                                            Object {
                                                                      "color": "#7ab3e2",
                                                                    }
                                                  }
                                                  r={50}
                                                  stroke={
                                                            Object {
                                                                      "color": "transparent",
                                                                    }
                                                  }
                                                  strokeWidth={3}
                                        />
                                        <p
                                                  className="text-muted"
                                        >
                                                  not one of these
                                        </p>
                              </div>
                    </div>
          </div>
</ModalBody>,
        "dialogComponentClass": [Function],
        "enforceFocus": true,
        "keyboard": true,
        "manager": ModalManager {
          "add": [Function],
          "containers": Array [],
          "data": Array [],
          "handleContainerOverflow": true,
          "hideSiblingNodes": true,
          "isTopModal": [Function],
          "modals": Array [],
          "remove": [Function],
        },
        "onHide": [Function],
        "renderBackdrop": [Function],
        "restoreFocus": true,
        "show": true,
      },
      "ref": null,
      "rendered": Object {
        "instance": null,
        "key": undefined,
        "nodeType": "class",
        "props": Object {
          "bsClass": "modal-body",
          "children": Array [
            <div
              className="modal-alert-wrapper "
>
              <h2>
                            How to Play CircleMatrix:
              </h2>
              <div
                            className="tutorial"
              >
                            <div>
                                          <p
                                                        className="lead"
                                          >
                                                        Available circles:
                                          </p>
                                          <Circle
                                                        fill={
                                                                      Object {
                                                                                    "color": "#ddd",
                                                                                  }
                                                        }
                                                        r={50}
                                                        stroke={
                                                                      Object {
                                                                                    "color": "transparent",
                                                                                  }
                                                        }
                                                        strokeWidth={3}
                                          />
                                          <p
                                                        className="text-muted"
                                          >
                                                        Click to turn them into
                                          </p>
                            </div>
                            <div>
                                          <p
                                                        className="lead"
                                          >
                                                        Activated Circles:
                                          </p>
                                          <Circle
                                                        fill={
                                                                      Object {
                                                                                    "color": "#214699",
                                                                                  }
                                                        }
                                                        r={50}
                                                        stroke={
                                                                      Object {
                                                                                    "color": "transparent",
                                                                                  }
                                                        }
                                                        strokeWidth={3}
                                          />
                                          <p
                                                        className="text-muted"
                                          >
                                                        these but only if they're
                                          </p>
                            </div>
                            <div>
                                          <p
                                                        className="lead"
                                          >
                                                        Occupied circles:
                                          </p>
                                          <Circle
                                                        fill={
                                                                      Object {
                                                                                    "color": "#7ab3e2",
                                                                                  }
                                                        }
                                                        r={50}
                                                        stroke={
                                                                      Object {
                                                                                    "color": "transparent",
                                                                                  }
                                                        }
                                                        strokeWidth={3}
                                          />
                                          <p
                                                        className="text-muted"
                                          >
                                                        not one of these
                                          </p>
                            </div>
              </div>
</div>,
            false,
            false,
          ],
          "componentClass": "div",
        },
        "ref": null,
        "rendered": Array [
          Object {
            "instance": null,
            "key": undefined,
            "nodeType": "host",
            "props": Object {
              "children": Array [
                <h2>
                  How to Play CircleMatrix:
</h2>,
                <div
                  className="tutorial"
>
                  <div>
                                    <p
                                                      className="lead"
                                    >
                                                      Available circles:
                                    </p>
                                    <Circle
                                                      fill={
                                                                        Object {
                                                                                          "color": "#ddd",
                                                                                        }
                                                      }
                                                      r={50}
                                                      stroke={
                                                                        Object {
                                                                                          "color": "transparent",
                                                                                        }
                                                      }
                                                      strokeWidth={3}
                                    />
                                    <p
                                                      className="text-muted"
                                    >
                                                      Click to turn them into
                                    </p>
                  </div>
                  <div>
                                    <p
                                                      className="lead"
                                    >
                                                      Activated Circles:
                                    </p>
                                    <Circle
                                                      fill={
                                                                        Object {
                                                                                          "color": "#214699",
                                                                                        }
                                                      }
                                                      r={50}
                                                      stroke={
                                                                        Object {
                                                                                          "color": "transparent",
                                                                                        }
                                                      }
                                                      strokeWidth={3}
                                    />
                                    <p
                                                      className="text-muted"
                                    >
                                                      these but only if they're
                                    </p>
                  </div>
                  <div>
                                    <p
                                                      className="lead"
                                    >
                                                      Occupied circles:
                                    </p>
                                    <Circle
                                                      fill={
                                                                        Object {
                                                                                          "color": "#7ab3e2",
                                                                                        }
                                                      }
                                                      r={50}
                                                      stroke={
                                                                        Object {
                                                                                          "color": "transparent",
                                                                                        }
                                                      }
                                                      strokeWidth={3}
                                    />
                                    <p
                                                      className="text-muted"
                                    >
                                                      not one of these
                                    </p>
                  </div>
</div>,
              ],
              "className": "modal-alert-wrapper ",
            },
            "ref": null,
            "rendered": Array [
              Object {
                "instance": null,
                "key": undefined,
                "nodeType": "host",
                "props": Object {
                  "children": "How to Play CircleMatrix:",
                },
                "ref": null,
                "rendered": "How to Play CircleMatrix:",
                "type": "h2",
              },
              Object {
                "instance": null,
                "key": undefined,
                "nodeType": "host",
                "props": Object {
                  "children": Array [
                    <div>
                      <p
                                            className="lead"
                      >
                                            Available circles:
                      </p>
                      <Circle
                                            fill={
                                                                  Object {
                                                                                        "color": "#ddd",
                                                                                      }
                                            }
                                            r={50}
                                            stroke={
                                                                  Object {
                                                                                        "color": "transparent",
                                                                                      }
                                            }
                                            strokeWidth={3}
                      />
                      <p
                                            className="text-muted"
                      >
                                            Click to turn them into
                      </p>
</div>,
                    <div>
                      <p
                                            className="lead"
                      >
                                            Activated Circles:
                      </p>
                      <Circle
                                            fill={
                                                                  Object {
                                                                                        "color": "#214699",
                                                                                      }
                                            }
                                            r={50}
                                            stroke={
                                                                  Object {
                                                                                        "color": "transparent",
                                                                                      }
                                            }
                                            strokeWidth={3}
                      />
                      <p
                                            className="text-muted"
                      >
                                            these but only if they're
                      </p>
</div>,
                    <div>
                      <p
                                            className="lead"
                      >
                                            Occupied circles:
                      </p>
                      <Circle
                                            fill={
                                                                  Object {
                                                                                        "color": "#7ab3e2",
                                                                                      }
                                            }
                                            r={50}
                                            stroke={
                                                                  Object {
                                                                                        "color": "transparent",
                                                                                      }
                                            }
                                            strokeWidth={3}
                      />
                      <p
                                            className="text-muted"
                      >
                                            not one of these
                      </p>
</div>,
                  ],
                  "className": "tutorial",
                },
                "ref": null,
                "rendered": Array [
                  Object {
                    "instance": null,
                    "key": undefined,
                    "nodeType": "host",
                    "props": Object {
                      "children": Array [
                        <p
                          className="lead"
>
                          Available circles:
</p>,
                        <Circle
                          fill={
                                                    Object {
                                                                              "color": "#ddd",
                                                                            }
                          }
                          r={50}
                          stroke={
                                                    Object {
                                                                              "color": "transparent",
                                                                            }
                          }
                          strokeWidth={3}
/>,
                        <p
                          className="text-muted"
>
                          Click to turn them into
</p>,
                      ],
                    },
                    "ref": null,
                    "rendered": Array [
                      Object {
                        "instance": null,
                        "key": undefined,
                        "nodeType": "host",
                        "props": Object {
                          "children": "Available circles:",
                          "className": "lead",
                        },
                        "ref": null,
                        "rendered": "Available circles:",
                        "type": "p",
                      },
                      Object {
                        "instance": null,
                        "key": undefined,
                        "nodeType": "class",
                        "props": Object {
                          "fill": Object {
                            "color": "#ddd",
                          },
                          "r": 50,
                          "stroke": Object {
                            "color": "transparent",
                          },
                          "strokeWidth": 3,
                        },
                        "ref": null,
                        "rendered": null,
                        "type": [Function],
                      },
                      Object {
                        "instance": null,
                        "key": undefined,
                        "nodeType": "host",
                        "props": Object {
                          "children": "Click to turn them into",
                          "className": "text-muted",
                        },
                        "ref": null,
                        "rendered": "Click to turn them into",
                        "type": "p",
                      },
                    ],
                    "type": "div",
                  },
                  Object {
                    "instance": null,
                    "key": undefined,
                    "nodeType": "host",
                    "props": Object {
                      "children": Array [
                        <p
                          className="lead"
>
                          Activated Circles:
</p>,
                        <Circle
                          fill={
                                                    Object {
                                                                              "color": "#214699",
                                                                            }
                          }
                          r={50}
                          stroke={
                                                    Object {
                                                                              "color": "transparent",
                                                                            }
                          }
                          strokeWidth={3}
/>,
                        <p
                          className="text-muted"
>
                          these but only if they're
</p>,
                      ],
                    },
                    "ref": null,
                    "rendered": Array [
                      Object {
                        "instance": null,
                        "key": undefined,
                        "nodeType": "host",
                        "props": Object {
                          "children": "Activated Circles:",
                          "className": "lead",
                        },
                        "ref": null,
                        "rendered": "Activated Circles:",
                        "type": "p",
                      },
                      Object {
                        "instance": null,
                        "key": undefined,
                        "nodeType": "class",
                        "props": Object {
                          "fill": Object {
                            "color": "#214699",
                          },
                          "r": 50,
                          "stroke": Object {
                            "color": "transparent",
                          },
                          "strokeWidth": 3,
                        },
                        "ref": null,
                        "rendered": null,
                        "type": [Function],
                      },
                      Object {
                        "instance": null,
                        "key": undefined,
                        "nodeType": "host",
                        "props": Object {
                          "children": "these but only if they're",
                          "className": "text-muted",
                        },
                        "ref": null,
                        "rendered": "these but only if they're",
                        "type": "p",
                      },
                    ],
                    "type": "div",
                  },
                  Object {
                    "instance": null,
                    "key": undefined,
                    "nodeType": "host",
                    "props": Object {
                      "children": Array [
                        <p
                          className="lead"
>
                          Occupied circles:
</p>,
                        <Circle
                          fill={
                                                    Object {
                                                                              "color": "#7ab3e2",
                                                                            }
                          }
                          r={50}
                          stroke={
                                                    Object {
                                                                              "color": "transparent",
                                                                            }
                          }
                          strokeWidth={3}
/>,
                        <p
                          className="text-muted"
>
                          not one of these
</p>,
                      ],
                    },
                    "ref": null,
                    "rendered": Array [
                      Object {
                        "instance": null,
                        "key": undefined,
                        "nodeType": "host",
                        "props": Object {
                          "children": "Occupied circles:",
                          "className": "lead",
                        },
                        "ref": null,
                        "rendered": "Occupied circles:",
                        "type": "p",
                      },
                      Object {
                        "instance": null,
                        "key": undefined,
                        "nodeType": "class",
                        "props": Object {
                          "fill": Object {
                            "color": "#7ab3e2",
                          },
                          "r": 50,
                          "stroke": Object {
                            "color": "transparent",
                          },
                          "strokeWidth": 3,
                        },
                        "ref": null,
                        "rendered": null,
                        "type": [Function],
                      },
                      Object {
                        "instance": null,
                        "key": undefined,
                        "nodeType": "host",
                        "props": Object {
                          "children": "not one of these",
                          "className": "text-muted",
                        },
                        "ref": null,
                        "rendered": "not one of these",
                        "type": "p",
                      },
                    ],
                    "type": "div",
                  },
                ],
                "type": "div",
              },
            ],
            "type": "div",
          },
          false,
          false,
        ],
        "type": [Function],
      },
      "type": [Function],
    },
  ],
  Symbol(enzyme.__options__): Object {
    "adapter": ReactSixteenAdapter {
      "options": Object {
        "enableComponentDidUpdateOnSetState": true,
        "legacyContextMode": "parent",
        "lifecycles": Object {
          "componentDidUpdate": Object {
            "onSetState": true,
          },
          "getChildContext": Object {
            "calledByRenderer": false,
          },
          "getDerivedStateFromProps": true,
          "getSnapshotBeforeUpdate": true,
          "setState": Object {
            "skipsComponentDidUpdateOnNullish": true,
          },
        },
      },
    },
  },
}
`;
